C:/Users/beckb/Documents/GitHub/CS704-Work/Project_2_Lab_1/COMSYS704/Projects/STM32L476JG-SensorTile/Applications/ALLMEMS1/Src/main.c:202:13:readMag	1
C:/Users/beckb/Documents/GitHub/CS704-Work/Project_2_Lab_1/COMSYS704/Projects/STM32L476JG-SensorTile/Applications/ALLMEMS1/Src/main.c:214:13:readAcc	1
C:/Users/beckb/Documents/GitHub/CS704-Work/Project_2_Lab_1/COMSYS704/Projects/STM32L476JG-SensorTile/Applications/ALLMEMS1/Src/main.c:1013:13:SystemClock_Config	5
C:/Users/beckb/Documents/GitHub/CS704-Work/Project_2_Lab_1/COMSYS704/Projects/STM32L476JG-SensorTile/Applications/ALLMEMS1/Src/main.c:696:16:BSP_LSM303AGR_WriteReg_Acc	3
C:/Users/beckb/Documents/GitHub/CS704-Work/Project_2_Lab_1/COMSYS704/Projects/STM32L476JG-SensorTile/Applications/ALLMEMS1/Src/main.c:630:16:BSP_LSM303AGR_WriteReg_Mag	3
C:/Users/beckb/Documents/GitHub/CS704-Work/Project_2_Lab_1/COMSYS704/Projects/STM32L476JG-SensorTile/Applications/ALLMEMS1/Src/main.c:883:13:Init_BlueNRG_Stack	7
C:/Users/beckb/Documents/GitHub/CS704-Work/Project_2_Lab_1/COMSYS704/Projects/STM32L476JG-SensorTile/Applications/ALLMEMS1/Src/main.c:978:13:Init_BlueNRG_Custom_Services	2
C:/Users/beckb/Documents/GitHub/CS704-Work/Project_2_Lab_1/COMSYS704/Projects/STM32L476JG-SensorTile/Applications/ALLMEMS1/Src/main.c:439:13:SendMotionData	1
C:/Users/beckb/Documents/GitHub/CS704-Work/Project_2_Lab_1/COMSYS704/Projects/STM32L476JG-SensorTile/Applications/ALLMEMS1/Src/main.c:397:6:HAL_TIM_OC_DelayElapsedCallback	2
C:/Users/beckb/Documents/GitHub/CS704-Work/Project_2_Lab_1/COMSYS704/Projects/STM32L476JG-SensorTile/Applications/ALLMEMS1/Src/main.c:419:6:HAL_TIM_PeriodElapsedCallback	3
C:/Users/beckb/Documents/GitHub/CS704-Work/Project_2_Lab_1/COMSYS704/Projects/STM32L476JG-SensorTile/Applications/ALLMEMS1/Src/main.c:544:9:Sensor_IO_SPI_CS_Init_All	1
C:/Users/beckb/Documents/GitHub/CS704-Work/Project_2_Lab_1/COMSYS704/Projects/STM32L476JG-SensorTile/Applications/ALLMEMS1/Src/main.c:767:6:LSM303AGR_SPI_Read_nBytes	5
C:/Users/beckb/Documents/GitHub/CS704-Work/Project_2_Lab_1/COMSYS704/Projects/STM32L476JG-SensorTile/Applications/ALLMEMS1/Src/main.c:808:6:LSM303AGR_SPI_Read	3
C:/Users/beckb/Documents/GitHub/CS704-Work/Project_2_Lab_1/COMSYS704/Projects/STM32L476JG-SensorTile/Applications/ALLMEMS1/Src/main.c:837:6:LSM303AGR_SPI_Write	4
C:/Users/beckb/Documents/GitHub/CS704-Work/Project_2_Lab_1/COMSYS704/Projects/STM32L476JG-SensorTile/Applications/ALLMEMS1/Src/main.c:661:16:BSP_LSM303AGR_ReadReg_Mag	2
C:/Users/beckb/Documents/GitHub/CS704-Work/Project_2_Lab_1/COMSYS704/Projects/STM32L476JG-SensorTile/Applications/ALLMEMS1/Src/main.c:727:16:BSP_LSM303AGR_ReadReg_Acc	3
C:/Users/beckb/Documents/GitHub/CS704-Work/Project_2_Lab_1/COMSYS704/Projects/STM32L476JG-SensorTile/Applications/ALLMEMS1/Src/main.c:175:13:InitLSM	1
C:/Users/beckb/Documents/GitHub/CS704-Work/Project_2_Lab_1/COMSYS704/Projects/STM32L476JG-SensorTile/Applications/ALLMEMS1/Src/main.c:1087:6:HAL_Delay	2
C:/Users/beckb/Documents/GitHub/CS704-Work/Project_2_Lab_1/COMSYS704/Projects/STM32L476JG-SensorTile/Applications/ALLMEMS1/Src/main.c:363:6:InitTargetPlatform	1
C:/Users/beckb/Documents/GitHub/CS704-Work/Project_2_Lab_1/COMSYS704/Projects/STM32L476JG-SensorTile/Applications/ALLMEMS1/Src/main.c:1101:6:Error_Handler	1
C:/Users/beckb/Documents/GitHub/CS704-Work/Project_2_Lab_1/COMSYS704/Projects/STM32L476JG-SensorTile/Applications/ALLMEMS1/Src/main.c:454:13:InitTimers	1
C:/Users/beckb/Documents/GitHub/CS704-Work/Project_2_Lab_1/COMSYS704/Projects/STM32L476JG-SensorTile/Applications/ALLMEMS1/Src/main.c:231:5:main	7
C:/Users/beckb/Documents/GitHub/CS704-Work/Project_2_Lab_1/COMSYS704/Projects/STM32L476JG-SensorTile/Applications/ALLMEMS1/Src/main.c:1113:6:HAL_GPIO_EXTI_Callback	2
