C:/Users/beckb/Documents/GitHub/CS704-Work/Project_2_Lab_1/COMSYS704/Projects/STM32L476JG-SensorTile/Applications/ALLMEMS1/Src/main.c:1103:13:SystemClock_Config	5
C:/Users/beckb/Documents/GitHub/CS704-Work/Project_2_Lab_1/COMSYS704/Projects/STM32L476JG-SensorTile/Applications/ALLMEMS1/Src/main.c:806:16:BSP_LSM303AGR_WriteReg_Acc	3
C:/Users/beckb/Documents/GitHub/CS704-Work/Project_2_Lab_1/COMSYS704/Projects/STM32L476JG-SensorTile/Applications/ALLMEMS1/Src/main.c:205:13:startAcc	1
C:/Users/beckb/Documents/GitHub/CS704-Work/Project_2_Lab_1/COMSYS704/Projects/STM32L476JG-SensorTile/Applications/ALLMEMS1/Src/main.c:747:16:BSP_LSM303AGR_WriteReg_Mag	3
C:/Users/beckb/Documents/GitHub/CS704-Work/Project_2_Lab_1/COMSYS704/Projects/STM32L476JG-SensorTile/Applications/ALLMEMS1/Src/main.c:194:13:startMag	1
C:/Users/beckb/Documents/GitHub/CS704-Work/Project_2_Lab_1/COMSYS704/Projects/STM32L476JG-SensorTile/Applications/ALLMEMS1/Src/main.c:978:13:Init_BlueNRG_Stack	7
C:/Users/beckb/Documents/GitHub/CS704-Work/Project_2_Lab_1/COMSYS704/Projects/STM32L476JG-SensorTile/Applications/ALLMEMS1/Src/main.c:1072:13:Init_BlueNRG_Custom_Services	2
C:/Users/beckb/Documents/GitHub/CS704-Work/Project_2_Lab_1/COMSYS704/Projects/STM32L476JG-SensorTile/Applications/ALLMEMS1/Src/main.c:565:13:SendMotionData	1
C:/Users/beckb/Documents/GitHub/CS704-Work/Project_2_Lab_1/COMSYS704/Projects/STM32L476JG-SensorTile/Applications/ALLMEMS1/Src/main.c:300:5:steadyMotionCheck	2
C:/Users/beckb/Documents/GitHub/CS704-Work/Project_2_Lab_1/COMSYS704/Projects/STM32L476JG-SensorTile/Applications/ALLMEMS1/Src/main.c:318:8:computeYaw	1
C:/Users/beckb/Documents/GitHub/CS704-Work/Project_2_Lab_1/COMSYS704/Projects/STM32L476JG-SensorTile/Applications/ALLMEMS1/Src/main.c:526:6:HAL_TIM_OC_DelayElapsedCallback	2
C:/Users/beckb/Documents/GitHub/CS704-Work/Project_2_Lab_1/COMSYS704/Projects/STM32L476JG-SensorTile/Applications/ALLMEMS1/Src/main.c:546:6:HAL_TIM_PeriodElapsedCallback	3
C:/Users/beckb/Documents/GitHub/CS704-Work/Project_2_Lab_1/COMSYS704/Projects/STM32L476JG-SensorTile/Applications/ALLMEMS1/Src/main.c:663:9:Sensor_IO_SPI_CS_Init_All	1
C:/Users/beckb/Documents/GitHub/CS704-Work/Project_2_Lab_1/COMSYS704/Projects/STM32L476JG-SensorTile/Applications/ALLMEMS1/Src/main.c:869:6:LSM303AGR_SPI_Read_nBytes	5
C:/Users/beckb/Documents/GitHub/CS704-Work/Project_2_Lab_1/COMSYS704/Projects/STM32L476JG-SensorTile/Applications/ALLMEMS1/Src/main.c:907:6:LSM303AGR_SPI_Read	3
C:/Users/beckb/Documents/GitHub/CS704-Work/Project_2_Lab_1/COMSYS704/Projects/STM32L476JG-SensorTile/Applications/ALLMEMS1/Src/main.c:935:6:LSM303AGR_SPI_Write	4
C:/Users/beckb/Documents/GitHub/CS704-Work/Project_2_Lab_1/COMSYS704/Projects/STM32L476JG-SensorTile/Applications/ALLMEMS1/Src/main.c:775:16:BSP_LSM303AGR_ReadReg_Mag	2
C:/Users/beckb/Documents/GitHub/CS704-Work/Project_2_Lab_1/COMSYS704/Projects/STM32L476JG-SensorTile/Applications/ALLMEMS1/Src/main.c:227:13:readMag	2
C:/Users/beckb/Documents/GitHub/CS704-Work/Project_2_Lab_1/COMSYS704/Projects/STM32L476JG-SensorTile/Applications/ALLMEMS1/Src/main.c:834:16:BSP_LSM303AGR_ReadReg_Acc	3
C:/Users/beckb/Documents/GitHub/CS704-Work/Project_2_Lab_1/COMSYS704/Projects/STM32L476JG-SensorTile/Applications/ALLMEMS1/Src/main.c:175:13:InitLSM	1
C:/Users/beckb/Documents/GitHub/CS704-Work/Project_2_Lab_1/COMSYS704/Projects/STM32L476JG-SensorTile/Applications/ALLMEMS1/Src/main.c:260:13:readAcc	2
C:/Users/beckb/Documents/GitHub/CS704-Work/Project_2_Lab_1/COMSYS704/Projects/STM32L476JG-SensorTile/Applications/ALLMEMS1/Src/main.c:1175:6:HAL_Delay	2
C:/Users/beckb/Documents/GitHub/CS704-Work/Project_2_Lab_1/COMSYS704/Projects/STM32L476JG-SensorTile/Applications/ALLMEMS1/Src/main.c:493:6:InitTargetPlatform	1
C:/Users/beckb/Documents/GitHub/CS704-Work/Project_2_Lab_1/COMSYS704/Projects/STM32L476JG-SensorTile/Applications/ALLMEMS1/Src/main.c:1188:6:Error_Handler	1
C:/Users/beckb/Documents/GitHub/CS704-Work/Project_2_Lab_1/COMSYS704/Projects/STM32L476JG-SensorTile/Applications/ALLMEMS1/Src/main.c:579:13:InitTimers	1
C:/Users/beckb/Documents/GitHub/CS704-Work/Project_2_Lab_1/COMSYS704/Projects/STM32L476JG-SensorTile/Applications/ALLMEMS1/Src/main.c:349:5:main	7
C:/Users/beckb/Documents/GitHub/CS704-Work/Project_2_Lab_1/COMSYS704/Projects/STM32L476JG-SensorTile/Applications/ALLMEMS1/Src/main.c:1199:6:HAL_GPIO_EXTI_Callback	2
